// Jest Snapshot v1, https://goo.gl/fbAQLP

exports[`matches snapshot 1`] = `
<DocumentFragment>
  <li
    data-testid="Todo-This_is_a_test"
  >
    <div>
      -This is a test
    </div>
    <button
      data-testid="Todo-delete-This_is_a_test"
    >
      X
    </button>
  </li>
</DocumentFragment>
`;
